~~~~~~~~~~~~~~~~~~~~~~~~~~~~~~~~~~~~~~~~~~~~~~~~~~~~~~~~~~~~~~~~
[1mRemoval Case 2[22m
~~~~~~~~~~~~~~~~~~~~~~~~~~~~~~~~~~~~~~~~~~~~~~~~~~~~~~~~~~~~~~~~
~[1mBefore[22m~
            __ 9 __              
         __/       \__           
       5               11        
     /   \           /   \       
   4       6       10      12    
  /                              
 3                               

~[1mAfter remove([22m[1m9[22m[1m)[22m~
rotateRight
       6         
     /   \       
   4       11    
  / \     / \    
 3   5   10  12  


